https://answeringislam.info/Bangla/index.html	Markdown too short
https://answeringislam.info/Dutch/index.htm	Content too short
https://answeringislam.info/French/index.htm	Content too short
https://answeringislam.info/Bahasa/index.html	Content too short
https://answeringislam.info/authors/shamoun/rebuttals/authors/shamoun/rebuttals/abualrub/true_confession1.html	404 Client Error: Not Found for url: https://answeringislam.info/authors/shamoun/rebuttals/authors/shamoun/rebuttals/abualrub/true_confession1.html
https://answeringislam.info/authors/shamoun/rebuttals/authors/shamoun/rebuttals/abualrub/true_confession2.html	404 Client Error: Not Found for url: https://answeringislam.info/authors/shamoun/rebuttals/authors/shamoun/rebuttals/abualrub/true_confession2.html
https://answeringislam.info/authors/shamoun/rebuttals/authors/shamoun/rebuttals/abualrub/before_adam1.html	404 Client Error: Not Found for url: https://answeringislam.info/authors/shamoun/rebuttals/authors/shamoun/rebuttals/abualrub/before_adam1.html
https://answeringislam.info/authors/shamoun/rebuttals/authors/shamoun/rebuttals/abualrub/before_adam2.html	404 Client Error: Not Found for url: https://answeringislam.info/authors/shamoun/rebuttals/authors/shamoun/rebuttals/abualrub/before_adam2.html
https://answeringislam.info/authors/shamoun/rebuttals/authors/shamoun/rebuttals/abualrub/before_adam3.html	404 Client Error: Not Found for url: https://answeringislam.info/authors/shamoun/rebuttals/authors/shamoun/rebuttals/abualrub/before_adam3.html
https://answeringislam.info/authors/shamoun/rebuttals/authors/shamoun/rebuttals/abualrub/q_aff_eternal1.html	404 Client Error: Not Found for url: https://answeringislam.info/authors/shamoun/rebuttals/authors/shamoun/rebuttals/abualrub/q_aff_eternal1.html
https://answeringislam.info/authors/shamoun/rebuttals/authors/shamoun/rebuttals/abualrub/q_aff_eternal2.html	404 Client Error: Not Found for url: https://answeringislam.info/authors/shamoun/rebuttals/authors/shamoun/rebuttals/abualrub/q_aff_eternal2.html
https://answeringislam.info/authors/shamoun/rebuttals/authors/shamoun/rebuttals/abualrub/q_aff_eternal3.html	404 Client Error: Not Found for url: https://answeringislam.info/authors/shamoun/rebuttals/authors/shamoun/rebuttals/abualrub/q_aff_eternal3.html
https://answeringislam.info/authors/shamoun/rebuttals/authors/shamoun/rebuttals/abualrub/q_aff_eternal4.html	404 Client Error: Not Found for url: https://answeringislam.info/authors/shamoun/rebuttals/authors/shamoun/rebuttals/abualrub/q_aff_eternal4.html
https://answeringislam.info/authors/shamoun/rebuttals/authors/shamoun/rebuttals/abualrub/q_aff_eternal5.html	404 Client Error: Not Found for url: https://answeringislam.info/authors/shamoun/rebuttals/authors/shamoun/rebuttals/abualrub/q_aff_eternal5.html
https://answeringislam.info/authors/shamoun/rebuttals/authors/shamoun/rebuttals/abualrub/incorruptible.html	404 Client Error: Not Found for url: https://answeringislam.info/authors/shamoun/rebuttals/authors/shamoun/rebuttals/abualrub/incorruptible.html
https://answeringislam.info/authors/shamoun/rebuttals/authors/shamoun/rebuttals/abualrub/quran_bible1.html	404 Client Error: Not Found for url: https://answeringislam.info/authors/shamoun/rebuttals/authors/shamoun/rebuttals/abualrub/quran_bible1.html
https://answeringislam.info/authors/shamoun/rebuttals/authors/shamoun/rebuttals/abualrub/quran_bible2.html	404 Client Error: Not Found for url: https://answeringislam.info/authors/shamoun/rebuttals/authors/shamoun/rebuttals/abualrub/quran_bible2.html
https://answeringislam.info/authors/shamoun/rebuttals/authors/shamoun/rebuttals/abualrub/mhd_crossdressing3.html	404 Client Error: Not Found for url: https://answeringislam.info/authors/shamoun/rebuttals/authors/shamoun/rebuttals/abualrub/mhd_crossdressing3.html
https://answeringislam.info/authors/shamoun/rebuttals/authors/shamoun/rebuttals/abualrub/jafar1.html	404 Client Error: Not Found for url: https://answeringislam.info/authors/shamoun/rebuttals/authors/shamoun/rebuttals/abualrub/jafar1.html
https://answeringislam.info/authors/shamoun/rebuttals/authors/shamoun/rebuttals/abualrub/jafar2.html	404 Client Error: Not Found for url: https://answeringislam.info/authors/shamoun/rebuttals/authors/shamoun/rebuttals/abualrub/jafar2.html
https://answeringislam.info/authors/shamoun/rebuttals/authors/shamoun/rebuttals/abualrub/jalal_wood1.html	404 Client Error: Not Found for url: https://answeringislam.info/authors/shamoun/rebuttals/authors/shamoun/rebuttals/abualrub/jalal_wood1.html
https://answeringislam.info/authors/shamoun/rebuttals/authors/shamoun/rebuttals/abualrub/jalal_wood2.html	404 Client Error: Not Found for url: https://answeringislam.info/authors/shamoun/rebuttals/authors/shamoun/rebuttals/abualrub/jalal_wood2.html
https://answeringislam.info/authors/shamoun/rebuttals/authors/shamoun/rebuttals.html	404 Client Error: Not Found for url: https://answeringislam.info/authors/shamoun/rebuttals/authors/shamoun/rebuttals.html
https://answeringislam.info/authors/shamoun/rebuttals/authors/shamoun/rebuttals/ally/rabb.html	404 Client Error: Not Found for url: https://answeringislam.info/authors/shamoun/rebuttals/authors/shamoun/rebuttals/ally/rabb.html
https://answeringislam.info/authors/shamoun/rebuttals/authors/shamoun/rebuttals/ally/contradictions1.html	404 Client Error: Not Found for url: https://answeringislam.info/authors/shamoun/rebuttals/authors/shamoun/rebuttals/ally/contradictions1.html
https://answeringislam.info/authors/shamoun/rebuttals/authors/shamoun/rebuttals/ally/contradictions2.html	404 Client Error: Not Found for url: https://answeringislam.info/authors/shamoun/rebuttals/authors/shamoun/rebuttals/ally/contradictions2.html
https://answeringislam.info/authors/shamoun/rebuttals/authors/shamoun/rebuttals/ally/contradictions3a.html	404 Client Error: Not Found for url: https://answeringislam.info/authors/shamoun/rebuttals/authors/shamoun/rebuttals/ally/contradictions3a.html
https://answeringislam.info/authors/shamoun/rebuttals/authors/shamoun/rebuttals/ally/contradictions3b.html	404 Client Error: Not Found for url: https://answeringislam.info/authors/shamoun/rebuttals/authors/shamoun/rebuttals/ally/contradictions3b.html
https://answeringislam.info/authors/shamoun/rebuttals/authors/shamoun/rebuttals/ally/contradictions3c.html	404 Client Error: Not Found for url: https://answeringislam.info/authors/shamoun/rebuttals/authors/shamoun/rebuttals/ally/contradictions3c.html
https://answeringislam.info/authors/shamoun/rebuttals/authors/shamoun/rebuttals/ally/contradictions3_add.html	404 Client Error: Not Found for url: https://answeringislam.info/authors/shamoun/rebuttals/authors/shamoun/rebuttals/ally/contradictions3_add.html
https://answeringislam.info/authors/shamoun/rebuttals/authors/shamoun/rebuttals/ally/did_jesus_claim1.html	404 Client Error: Not Found for url: https://answeringislam.info/authors/shamoun/rebuttals/authors/shamoun/rebuttals/ally/did_jesus_claim1.html
https://answeringislam.info/authors/shamoun/rebuttals/authors/shamoun/rebuttals/ally/did_jesus_claim2.html	404 Client Error: Not Found for url: https://answeringislam.info/authors/shamoun/rebuttals/authors/shamoun/rebuttals/ally/did_jesus_claim2.html
https://answeringislam.info/authors/shamoun/rebuttals/authors/shamoun/rebuttals/ally/did_jesus_claim3a.html	404 Client Error: Not Found for url: https://answeringislam.info/authors/shamoun/rebuttals/authors/shamoun/rebuttals/ally/did_jesus_claim3a.html
https://answeringislam.info/authors/shamoun/rebuttals/authors/shamoun/rebuttals/ally/did_jesus_claim3b.html	404 Client Error: Not Found for url: https://answeringislam.info/authors/shamoun/rebuttals/authors/shamoun/rebuttals/ally/did_jesus_claim3b.html
https://answeringislam.info/authors/shamoun/rebuttals/authors/shamoun/rebuttals/ally/did_jesus_claim4a.html	404 Client Error: Not Found for url: https://answeringislam.info/authors/shamoun/rebuttals/authors/shamoun/rebuttals/ally/did_jesus_claim4a.html
https://answeringislam.info/authors/shamoun/rebuttals/authors/shamoun/rebuttals/ally/did_jesus_claim4b.html	404 Client Error: Not Found for url: https://answeringislam.info/authors/shamoun/rebuttals/authors/shamoun/rebuttals/ally/did_jesus_claim4b.html
https://answeringislam.info/authors/shamoun/rebuttals/authors/shamoun/rebuttals/ally/ally_white_reply.html	404 Client Error: Not Found for url: https://answeringislam.info/authors/shamoun/rebuttals/authors/shamoun/rebuttals/ally/ally_white_reply.html
https://answeringislam.info/authors/shamoun/rebuttals/authors/shamoun/rebuttals/ally/adam_bq1.html	404 Client Error: Not Found for url: https://answeringislam.info/authors/shamoun/rebuttals/authors/shamoun/rebuttals/ally/adam_bq1.html
https://answeringislam.info/authors/shamoun/rebuttals/authors/shamoun/rebuttals/ally/adam_bq2.html	404 Client Error: Not Found for url: https://answeringislam.info/authors/shamoun/rebuttals/authors/shamoun/rebuttals/ally/adam_bq2.html
https://answeringislam.info/authors/shamoun/rebuttals/authors/shamoun/rebuttals/ally/omniscience_christ_1.html	404 Client Error: Not Found for url: https://answeringislam.info/authors/shamoun/rebuttals/authors/shamoun/rebuttals/ally/omniscience_christ_1.html
https://answeringislam.info/authors/shamoun/rebuttals/authors/shamoun/rebuttals/ally/omniscience_christ_2.html	404 Client Error: Not Found for url: https://answeringislam.info/authors/shamoun/rebuttals/authors/shamoun/rebuttals/ally/omniscience_christ_2.html
https://answeringislam.info/authors/shamoun/rebuttals/authors/shamoun/rebuttals/ally/omniscience_christ_3.html	404 Client Error: Not Found for url: https://answeringislam.info/authors/shamoun/rebuttals/authors/shamoun/rebuttals/ally/omniscience_christ_3.html
https://answeringislam.info/authors/shamoun/rebuttals/authors/shamoun/rebuttals/ally/omniscience_christ_add.html	404 Client Error: Not Found for url: https://answeringislam.info/authors/shamoun/rebuttals/authors/shamoun/rebuttals/ally/omniscience_christ_add.html
https://answeringislam.info/authors/shamoun/rebuttals/authors/shamoun/rebuttals/ally/omniscience_allah.html	404 Client Error: Not Found for url: https://answeringislam.info/authors/shamoun/rebuttals/authors/shamoun/rebuttals/ally/omniscience_allah.html
https://answeringislam.info/authors/shamoun/rebuttals/authors/shamoun/rebuttals/ally/isaiah53_1.html	404 Client Error: Not Found for url: https://answeringislam.info/authors/shamoun/rebuttals/authors/shamoun/rebuttals/ally/isaiah53_1.html
https://answeringislam.info/authors/shamoun/rebuttals/authors/shamoun/rebuttals/ally/isaiah53_2.html	404 Client Error: Not Found for url: https://answeringislam.info/authors/shamoun/rebuttals/authors/shamoun/rebuttals/ally/isaiah53_2.html
https://answeringislam.info/authors/shamoun/rebuttals/authors/shamoun/rebuttals/ally/isaiah53_add.html	404 Client Error: Not Found for url: https://answeringislam.info/authors/shamoun/rebuttals/authors/shamoun/rebuttals/ally/isaiah53_add.html
https://answeringislam.info/authors/shamoun/rebuttals/authors/shamoun/rebuttals/ally/true_furqan1.html	404 Client Error: Not Found for url: https://answeringislam.info/authors/shamoun/rebuttals/authors/shamoun/rebuttals/ally/true_furqan1.html
https://answeringislam.info/authors/shamoun/rebuttals/authors/shamoun/rebuttals/ally/true_furqan2.html	404 Client Error: Not Found for url: https://answeringislam.info/authors/shamoun/rebuttals/authors/shamoun/rebuttals/ally/true_furqan2.html
https://answeringislam.info/authors/shamoun/rebuttals/authors/shamoun/rebuttals/ally/true_furqan3.html	404 Client Error: Not Found for url: https://answeringislam.info/authors/shamoun/rebuttals/authors/shamoun/rebuttals/ally/true_furqan3.html
https://answeringislam.info/authors/shamoun/rebuttals/authors/shamoun/rebuttals/ally/paul_circumcision.html	404 Client Error: Not Found for url: https://answeringislam.info/authors/shamoun/rebuttals/authors/shamoun/rebuttals/ally/paul_circumcision.html
https://answeringislam.info/authors/shamoun/rebuttals/authors/shamoun/rebuttals/ally/paul_circumcision_exposed.html	404 Client Error: Not Found for url: https://answeringislam.info/authors/shamoun/rebuttals/authors/shamoun/rebuttals/ally/paul_circumcision_exposed.html
https://answeringislam.info/authors/shamoun/rebuttals/authors/shamoun/rebuttals/ally/wine1.html	404 Client Error: Not Found for url: https://answeringislam.info/authors/shamoun/rebuttals/authors/shamoun/rebuttals/ally/wine1.html
https://answeringislam.info/authors/shamoun/rebuttals/authors/shamoun/rebuttals/ally/wine2.html	404 Client Error: Not Found for url: https://answeringislam.info/authors/shamoun/rebuttals/authors/shamoun/rebuttals/ally/wine2.html
https://answeringislam.info/authors/shamoun/rebuttals/authors/shamoun/rebuttals/ally/wine_idolatry.html	404 Client Error: Not Found for url: https://answeringislam.info/authors/shamoun/rebuttals/authors/shamoun/rebuttals/ally/wine_idolatry.html
https://answeringislam.info/authors/shamoun/rebuttals/authors/shamoun/rebuttals/ally/allah_ransom1.html	404 Client Error: Not Found for url: https://answeringislam.info/authors/shamoun/rebuttals/authors/shamoun/rebuttals/ally/allah_ransom1.html
https://answeringislam.info/authors/shamoun/rebuttals/authors/shamoun/rebuttals/ally/allah_ransom2.html	404 Client Error: Not Found for url: https://answeringislam.info/authors/shamoun/rebuttals/authors/shamoun/rebuttals/ally/allah_ransom2.html
https://answeringislam.info/authors/shamoun/rebuttals/authors/shamoun/rebuttals/ally/greatest_commandment1.html	404 Client Error: Not Found for url: https://answeringislam.info/authors/shamoun/rebuttals/authors/shamoun/rebuttals/ally/greatest_commandment1.html
https://answeringislam.info/authors/shamoun/rebuttals/authors/shamoun/rebuttals/ally/greatest_commandment2.html	404 Client Error: Not Found for url: https://answeringislam.info/authors/shamoun/rebuttals/authors/shamoun/rebuttals/ally/greatest_commandment2.html
https://answeringislam.info/authors/shamoun/rebuttals/authors/shamoun/rebuttals/ally/greatest_commandment3.html	404 Client Error: Not Found for url: https://answeringislam.info/authors/shamoun/rebuttals/authors/shamoun/rebuttals/ally/greatest_commandment3.html
https://answeringislam.info/authors/shamoun/rebuttals/authors/shamoun/rebuttals/ally/gospels.html	404 Client Error: Not Found for url: https://answeringislam.info/authors/shamoun/rebuttals/authors/shamoun/rebuttals/ally/gospels.html
https://answeringislam.info/authors/shamoun/rebuttals/authors/shamoun/rebuttals/ally/son_of_man_worship.html	404 Client Error: Not Found for url: https://answeringislam.info/authors/shamoun/rebuttals/authors/shamoun/rebuttals/ally/son_of_man_worship.html
https://answeringislam.info/authors/shamoun/rebuttals/authors/shamoun/rebuttals/ally/war_against_allah1.html	404 Client Error: Not Found for url: https://answeringislam.info/authors/shamoun/rebuttals/authors/shamoun/rebuttals/ally/war_against_allah1.html
https://answeringislam.info/authors/shamoun/rebuttals/authors/shamoun/rebuttals/ally/acts3_abuse.html	404 Client Error: Not Found for url: https://answeringislam.info/authors/shamoun/rebuttals/authors/shamoun/rebuttals/ally/acts3_abuse.html
https://answeringislam.info/authors/shamoun/rebuttals/authors/shamoun/rebuttals/ataie/mushrik.html	404 Client Error: Not Found for url: https://answeringislam.info/authors/shamoun/rebuttals/authors/shamoun/rebuttals/ataie/mushrik.html
https://answeringislam.info/authors/shamoun/rebuttals/authors/shamoun/rebuttals/ataie/worshiping_jesus1.html	404 Client Error: Not Found for url: https://answeringislam.info/authors/shamoun/rebuttals/authors/shamoun/rebuttals/ataie/worshiping_jesus1.html
https://answeringislam.info/authors/shamoun/rebuttals/authors/shamoun/rebuttals/ataie/worshiping_jesus2.html	404 Client Error: Not Found for url: https://answeringislam.info/authors/shamoun/rebuttals/authors/shamoun/rebuttals/ataie/worshiping_jesus2.html
https://answeringislam.info/authors/shamoun/rebuttals/authors/shamoun/rebuttals/ataie/worshiping_jesus3.html	404 Client Error: Not Found for url: https://answeringislam.info/authors/shamoun/rebuttals/authors/shamoun/rebuttals/ataie/worshiping_jesus3.html
https://answeringislam.info/authors/shamoun/rebuttals/authors/shamoun/rebuttals/ataie/worshiping_jesus4.html	404 Client Error: Not Found for url: https://answeringislam.info/authors/shamoun/rebuttals/authors/shamoun/rebuttals/ataie/worshiping_jesus4.html
https://answeringislam.info/authors/shamoun/rebuttals/authors/shamoun/rebuttals/ataie/jesus_name.html	404 Client Error: Not Found for url: https://answeringislam.info/authors/shamoun/rebuttals/authors/shamoun/rebuttals/ataie/jesus_name.html
https://answeringislam.info/authors/shamoun/rebuttals/authors/shamoun/rebuttals/ataie/jesus_name_scholars.html	404 Client Error: Not Found for url: https://answeringislam.info/authors/shamoun/rebuttals/authors/shamoun/rebuttals/ataie/jesus_name_scholars.html
https://answeringislam.info/authors/shamoun/rebuttals/authors/shamoun/rebuttals/badawi/splitting_moon.html	404 Client Error: Not Found for url: https://answeringislam.info/authors/shamoun/rebuttals/authors/shamoun/rebuttals/badawi/splitting_moon.html
https://answeringislam.info/authors/shamoun/rebuttals/authors/shamoun/rebuttals/badawi/epilepsy1.html	404 Client Error: Not Found for url: https://answeringislam.info/authors/shamoun/rebuttals/authors/shamoun/rebuttals/badawi/epilepsy1.html
https://answeringislam.info/authors/shamoun/rebuttals/authors/shamoun/rebuttals/badawi/epilepsy2.html	404 Client Error: Not Found for url: https://answeringislam.info/authors/shamoun/rebuttals/authors/shamoun/rebuttals/badawi/epilepsy2.html
https://answeringislam.info/authors/shamoun/rebuttals/authors/shamoun/rebuttals/badawi/epilepsy3.html	404 Client Error: Not Found for url: https://answeringislam.info/authors/shamoun/rebuttals/authors/shamoun/rebuttals/badawi/epilepsy3.html
https://answeringislam.info/authors/shamoun/rebuttals/authors/shamoun/rebuttals/badawi/deceptive1.html	404 Client Error: Not Found for url: https://answeringislam.info/authors/shamoun/rebuttals/authors/shamoun/rebuttals/badawi/deceptive1.html
https://answeringislam.info/authors/shamoun/rebuttals/authors/shamoun/rebuttals/badawi/deceptive2.html	404 Client Error: Not Found for url: https://answeringislam.info/authors/shamoun/rebuttals/authors/shamoun/rebuttals/badawi/deceptive2.html
https://answeringislam.info/authors/shamoun/rebuttals/authors/shamoun/rebuttals/badawi/shakhs.html	404 Client Error: Not Found for url: https://answeringislam.info/authors/shamoun/rebuttals/authors/shamoun/rebuttals/badawi/shakhs.html
https://answeringislam.info/authors/shamoun/rebuttals/authors/shamoun/rebuttals/badawi/satan_in_nose.html	404 Client Error: Not Found for url: https://answeringislam.info/authors/shamoun/rebuttals/authors/shamoun/rebuttals/badawi/satan_in_nose.html
https://answeringislam.info/authors/shamoun/rebuttals/authors/shamoun/rebuttals/jonathan_brown/aisha_age_1.html	404 Client Error: Not Found for url: https://answeringislam.info/authors/shamoun/rebuttals/authors/shamoun/rebuttals/jonathan_brown/aisha_age_1.html
https://answeringislam.info/authors/shamoun/rebuttals/authors/shamoun/rebuttals/jonathan_brown/aisha_age_2.html	404 Client Error: Not Found for url: https://answeringislam.info/authors/shamoun/rebuttals/authors/shamoun/rebuttals/jonathan_brown/aisha_age_2.html
https://answeringislam.info/authors/shamoun/rebuttals/authors/shamoun/rebuttals/jonathan_brown/aisha_age_3.html	404 Client Error: Not Found for url: https://answeringislam.info/authors/shamoun/rebuttals/authors/shamoun/rebuttals/jonathan_brown/aisha_age_3.html
https://answeringislam.info/authors/shamoun/rebuttals/authors/shamoun/rebuttals/jonathan_brown/aisha_age_4.html	404 Client Error: Not Found for url: https://answeringislam.info/authors/shamoun/rebuttals/authors/shamoun/rebuttals/jonathan_brown/aisha_age_4.html
https://answeringislam.info/authors/shamoun/rebuttals/authors/shamoun/rebuttals/jonathan_brown/aisha_age_ps.html	404 Client Error: Not Found for url: https://answeringislam.info/authors/shamoun/rebuttals/authors/shamoun/rebuttals/jonathan_brown/aisha_age_ps.html
https://answeringislam.info/authors/shamoun/rebuttals/authors/shamoun/rebuttals/jonathan_brown/incriminating1.html	404 Client Error: Not Found for url: https://answeringislam.info/authors/shamoun/rebuttals/authors/shamoun/rebuttals/jonathan_brown/incriminating1.html
https://answeringislam.info/authors/shamoun/rebuttals/authors/shamoun/rebuttals/jonathan_brown/incriminating2.html	404 Client Error: Not Found for url: https://answeringislam.info/authors/shamoun/rebuttals/authors/shamoun/rebuttals/jonathan_brown/incriminating2.html
https://answeringislam.info/authors/shamoun/rebuttals/authors/shamoun/rebuttals/jonathan_brown/incriminating3.html	404 Client Error: Not Found for url: https://answeringislam.info/authors/shamoun/rebuttals/authors/shamoun/rebuttals/jonathan_brown/incriminating3.html
https://answeringislam.info/authors/shamoun/rebuttals/authors/shamoun/rebuttals/laurence_brown/bites_dust1.html	404 Client Error: Not Found for url: https://answeringislam.info/authors/shamoun/rebuttals/authors/shamoun/rebuttals/laurence_brown/bites_dust1.html
https://answeringislam.info/authors/shamoun/rebuttals/authors/shamoun/rebuttals/laurence_brown/bites_dust2.html	404 Client Error: Not Found for url: https://answeringislam.info/authors/shamoun/rebuttals/authors/shamoun/rebuttals/laurence_brown/bites_dust2.html
https://answeringislam.info/authors/shamoun/rebuttals/authors/shamoun/rebuttals/laurence_brown/bites_dust3.html	404 Client Error: Not Found for url: https://answeringislam.info/authors/shamoun/rebuttals/authors/shamoun/rebuttals/laurence_brown/bites_dust3.html
https://answeringislam.info/authors/shamoun/rebuttals/authors/shamoun/rebuttals/laurence_brown/bites_dust4.html	404 Client Error: Not Found for url: https://answeringislam.info/authors/shamoun/rebuttals/authors/shamoun/rebuttals/laurence_brown/bites_dust4.html
https://answeringislam.info/authors/shamoun/rebuttals/authors/shamoun/rebuttals/laurence_brown/bites_dust5.html	404 Client Error: Not Found for url: https://answeringislam.info/authors/shamoun/rebuttals/authors/shamoun/rebuttals/laurence_brown/bites_dust5.html
https://answeringislam.info/authors/shamoun/rebuttals/authors/shamoun/rebuttals/deedat/who_reigns_forever.html	404 Client Error: Not Found for url: https://answeringislam.info/authors/shamoun/rebuttals/authors/shamoun/rebuttals/deedat/who_reigns_forever.html
https://answeringislam.info/authors/shamoun/rebuttals/authors/shamoun/rebuttals/deedat/worshiping_jesus1.html	404 Client Error: Not Found for url: https://answeringislam.info/authors/shamoun/rebuttals/authors/shamoun/rebuttals/deedat/worshiping_jesus1.html
https://answeringislam.info/authors/shamoun/rebuttals/authors/shamoun/rebuttals/deedat/worshiping_jesus2a.html	404 Client Error: Not Found for url: https://answeringislam.info/authors/shamoun/rebuttals/authors/shamoun/rebuttals/deedat/worshiping_jesus2a.html
https://answeringislam.info/authors/shamoun/rebuttals/authors/shamoun/rebuttals/deedat/worshiping_jesus2b.html	404 Client Error: Not Found for url: https://answeringislam.info/authors/shamoun/rebuttals/authors/shamoun/rebuttals/deedat/worshiping_jesus2b.html
https://answeringislam.info/authors/shamoun/rebuttals/authors/shamoun/rebuttals/deedat/worshiping_jesus2c.html	404 Client Error: Not Found for url: https://answeringislam.info/authors/shamoun/rebuttals/authors/shamoun/rebuttals/deedat/worshiping_jesus2c.html
https://answeringislam.info/authors/shamoun/rebuttals/authors/shamoun/rebuttals/deedat/worshiping_jesus3.html	404 Client Error: Not Found for url: https://answeringislam.info/authors/shamoun/rebuttals/authors/shamoun/rebuttals/deedat/worshiping_jesus3.html
https://answeringislam.info/authors/shamoun/rebuttals/authors/shamoun/rebuttals/dirks/more_than_prophet.html	404 Client Error: Not Found for url: https://answeringislam.info/authors/shamoun/rebuttals/authors/shamoun/rebuttals/dirks/more_than_prophet.html
https://answeringislam.info/authors/shamoun/rebuttals/authors/shamoun/rebuttals/dirks/jesus_adoption.html	404 Client Error: Not Found for url: https://answeringislam.info/authors/shamoun/rebuttals/authors/shamoun/rebuttals/dirks/jesus_adoption.html
https://answeringislam.info/authors/shamoun/rebuttals/authors/shamoun/rebuttals/dirks/islam_christiandoctrine.html	404 Client Error: Not Found for url: https://answeringislam.info/authors/shamoun/rebuttals/authors/shamoun/rebuttals/dirks/islam_christiandoctrine.html
https://answeringislam.info/authors/shamoun/rebuttals/authors/shamoun/rebuttals/dirks/dirks_theology1.html	404 Client Error: Not Found for url: https://answeringislam.info/authors/shamoun/rebuttals/authors/shamoun/rebuttals/dirks/dirks_theology1.html
https://answeringislam.info/authors/shamoun/rebuttals/authors/shamoun/rebuttals/dirks/dirks_theology2.html	404 Client Error: Not Found for url: https://answeringislam.info/authors/shamoun/rebuttals/authors/shamoun/rebuttals/dirks/dirks_theology2.html
https://answeringislam.info/authors/shamoun/rebuttals/authors/shamoun/rebuttals/ibnanwar/john5_23_1.html	404 Client Error: Not Found for url: https://answeringislam.info/authors/shamoun/rebuttals/authors/shamoun/rebuttals/ibnanwar/john5_23_1.html
https://answeringislam.info/authors/shamoun/rebuttals/authors/shamoun/rebuttals/ibnanwar/john5_23_2.html	404 Client Error: Not Found for url: https://answeringislam.info/authors/shamoun/rebuttals/authors/shamoun/rebuttals/ibnanwar/john5_23_2.html
https://answeringislam.info/authors/shamoun/rebuttals/authors/shamoun/rebuttals/ibnanwar/muhammaddan_blues1.html	404 Client Error: Not Found for url: https://answeringislam.info/authors/shamoun/rebuttals/authors/shamoun/rebuttals/ibnanwar/muhammaddan_blues1.html
https://answeringislam.info/authors/shamoun/rebuttals/authors/shamoun/rebuttals/ibnanwar/rape_bible.html	404 Client Error: Not Found for url: https://answeringislam.info/authors/shamoun/rebuttals/authors/shamoun/rebuttals/ibnanwar/rape_bible.html
https://answeringislam.info/authors/shamoun/rebuttals/authors/shamoun/rebuttals/ibnanwar/rape_islam.html	404 Client Error: Not Found for url: https://answeringislam.info/authors/shamoun/rebuttals/authors/shamoun/rebuttals/ibnanwar/rape_islam.html
https://answeringislam.info/authors/shamoun/rebuttals/authors/shamoun/rebuttals/ibnanwar/1tim316_1.html	404 Client Error: Not Found for url: https://answeringislam.info/authors/shamoun/rebuttals/authors/shamoun/rebuttals/ibnanwar/1tim316_1.html
https://answeringislam.info/authors/shamoun/rebuttals/authors/shamoun/rebuttals/ibnanwar/1tim316_2.html	404 Client Error: Not Found for url: https://answeringislam.info/authors/shamoun/rebuttals/authors/shamoun/rebuttals/ibnanwar/1tim316_2.html
https://answeringislam.info/authors/shamoun/rebuttals/authors/shamoun/rebuttals/ibnanwar/1tim316_3.html	404 Client Error: Not Found for url: https://answeringislam.info/authors/shamoun/rebuttals/authors/shamoun/rebuttals/ibnanwar/1tim316_3.html
https://answeringislam.info/authors/shamoun/rebuttals/authors/shamoun/rebuttals/ibnanwar/1tim316_add.html	404 Client Error: Not Found for url: https://answeringislam.info/authors/shamoun/rebuttals/authors/shamoun/rebuttals/ibnanwar/1tim316_add.html
https://answeringislam.info/authors/shamoun/rebuttals/authors/shamoun/rebuttals/ibnanwar/allah_prays.html	404 Client Error: Not Found for url: https://answeringislam.info/authors/shamoun/rebuttals/authors/shamoun/rebuttals/ibnanwar/allah_prays.html
https://answeringislam.info/authors/shamoun/rebuttals/authors/shamoun/rebuttals/ibnanwar/allah_repents.html	404 Client Error: Not Found for url: https://answeringislam.info/authors/shamoun/rebuttals/authors/shamoun/rebuttals/ibnanwar/allah_repents.html
https://answeringislam.info/authors/shamoun/rebuttals/authors/shamoun/rebuttals/ibnanwar/mary_aaron.html	404 Client Error: Not Found for url: https://answeringislam.info/authors/shamoun/rebuttals/authors/shamoun/rebuttals/ibnanwar/mary_aaron.html
https://answeringislam.info/authors/shamoun/rebuttals/authors/shamoun/rebuttals/ibnanwar/tauhid_challenge.html	404 Client Error: Not Found for url: https://answeringislam.info/authors/shamoun/rebuttals/authors/shamoun/rebuttals/ibnanwar/tauhid_challenge.html
https://answeringislam.info/authors/shamoun/rebuttals/authors/shamoun/rebuttals/ibnanwar/mark_isaiah_attribution.html	404 Client Error: Not Found for url: https://answeringislam.info/authors/shamoun/rebuttals/authors/shamoun/rebuttals/ibnanwar/mark_isaiah_attribution.html
https://answeringislam.info/authors/shamoun/rebuttals/authors/shamoun/rebuttals/ibnanwar/hebr18_1.html	404 Client Error: Not Found for url: https://answeringislam.info/authors/shamoun/rebuttals/authors/shamoun/rebuttals/ibnanwar/hebr18_1.html
https://answeringislam.info/authors/shamoun/rebuttals/authors/shamoun/rebuttals/ibnanwar/hebr18_2.html	404 Client Error: Not Found for url: https://answeringislam.info/authors/shamoun/rebuttals/authors/shamoun/rebuttals/ibnanwar/hebr18_2.html
https://answeringislam.info/authors/shamoun/rebuttals/authors/shamoun/rebuttals/ibnanwar/unveiled1.html	404 Client Error: Not Found for url: https://answeringislam.info/authors/shamoun/rebuttals/authors/shamoun/rebuttals/ibnanwar/unveiled1.html
https://answeringislam.info/authors/shamoun/rebuttals/authors/shamoun/rebuttals/ibnanwar/unveiled2.html	404 Client Error: Not Found for url: https://answeringislam.info/authors/shamoun/rebuttals/authors/shamoun/rebuttals/ibnanwar/unveiled2.html
https://answeringislam.info/authors/shamoun/rebuttals/authors/shamoun/rebuttals/ibnanwar/genesis1_cohortative_mood.html	404 Client Error: Not Found for url: https://answeringislam.info/authors/shamoun/rebuttals/authors/shamoun/rebuttals/ibnanwar/genesis1_cohortative_mood.html
https://answeringislam.info/authors/shamoun/rebuttals/authors/shamoun/rebuttals/ibnanwar/jesus_saves.html	404 Client Error: Not Found for url: https://answeringislam.info/authors/shamoun/rebuttals/authors/shamoun/rebuttals/ibnanwar/jesus_saves.html
https://answeringislam.info/authors/shamoun/rebuttals/authors/shamoun/rebuttals/ibnanwar/muhammad_curse.html	404 Client Error: Not Found for url: https://answeringislam.info/authors/shamoun/rebuttals/authors/shamoun/rebuttals/ibnanwar/muhammad_curse.html
https://answeringislam.info/authors/shamoun/rebuttals/authors/shamoun/rebuttals/ibnanwar/trinity_shema1.html	404 Client Error: Not Found for url: https://answeringislam.info/authors/shamoun/rebuttals/authors/shamoun/rebuttals/ibnanwar/trinity_shema1.html
https://answeringislam.info/authors/shamoun/rebuttals/authors/shamoun/rebuttals/ibnanwar/trinity_shema2.html	404 Client Error: Not Found for url: https://answeringislam.info/authors/shamoun/rebuttals/authors/shamoun/rebuttals/ibnanwar/trinity_shema2.html
https://answeringislam.info/authors/shamoun/rebuttals/authors/shamoun/rebuttals/ibnanwar/jesus_morningstar.html	404 Client Error: Not Found for url: https://answeringislam.info/authors/shamoun/rebuttals/authors/shamoun/rebuttals/ibnanwar/jesus_morningstar.html
https://answeringislam.info/authors/shamoun/rebuttals/authors/shamoun/rebuttals/ibnanwar/sacrifice_satan1.html	404 Client Error: Not Found for url: https://answeringislam.info/authors/shamoun/rebuttals/authors/shamoun/rebuttals/ibnanwar/sacrifice_satan1.html
https://answeringislam.info/authors/shamoun/rebuttals/authors/shamoun/rebuttals/ibnanwar/sacrifice_satan2.html	404 Client Error: Not Found for url: https://answeringislam.info/authors/shamoun/rebuttals/authors/shamoun/rebuttals/ibnanwar/sacrifice_satan2.html
https://answeringislam.info/authors/shamoun/rebuttals/authors/shamoun/rebuttals/ibnanwar/sacrifice_satan3.html	404 Client Error: Not Found for url: https://answeringislam.info/authors/shamoun/rebuttals/authors/shamoun/rebuttals/ibnanwar/sacrifice_satan3.html
https://answeringislam.info/authors/shamoun/rebuttals/authors/shamoun/rebuttals/ibnanwar/sacrifice_satan4.html	404 Client Error: Not Found for url: https://answeringislam.info/authors/shamoun/rebuttals/authors/shamoun/rebuttals/ibnanwar/sacrifice_satan4.html
https://answeringislam.info/authors/shamoun/rebuttals/authors/shamoun/rebuttals/hussein/rise_fall1.html	404 Client Error: Not Found for url: https://answeringislam.info/authors/shamoun/rebuttals/authors/shamoun/rebuttals/hussein/rise_fall1.html
https://answeringislam.info/authors/shamoun/rebuttals/authors/shamoun/rebuttals/hussein/rise_fall2.html	404 Client Error: Not Found for url: https://answeringislam.info/authors/shamoun/rebuttals/authors/shamoun/rebuttals/hussein/rise_fall2.html
https://answeringislam.info/authors/shamoun/rebuttals/authors/shamoun/rebuttals/hussein/rise_fall3.html	404 Client Error: Not Found for url: https://answeringislam.info/authors/shamoun/rebuttals/authors/shamoun/rebuttals/hussein/rise_fall3.html
https://answeringislam.info/authors/shamoun/rebuttals/authors/shamoun/rebuttals/hussein/rise_fall4.html	404 Client Error: Not Found for url: https://answeringislam.info/authors/shamoun/rebuttals/authors/shamoun/rebuttals/hussein/rise_fall4.html
https://answeringislam.info/authors/shamoun/rebuttals/authors/shamoun/rebuttals/kunde/distortions1.html	404 Client Error: Not Found for url: https://answeringislam.info/authors/shamoun/rebuttals/authors/shamoun/rebuttals/kunde/distortions1.html
https://answeringislam.info/authors/shamoun/rebuttals/authors/shamoun/rebuttals/kunde/distortions2.html	404 Client Error: Not Found for url: https://answeringislam.info/authors/shamoun/rebuttals/authors/shamoun/rebuttals/kunde/distortions2.html
https://answeringislam.info/authors/shamoun/rebuttals/authors/shamoun/rebuttals/kunde/impotent.html	404 Client Error: Not Found for url: https://answeringislam.info/authors/shamoun/rebuttals/authors/shamoun/rebuttals/kunde/impotent.html
https://answeringislam.info/authors/shamoun/rebuttals/authors/shamoun/rebuttals/kunde/trinity1.html	404 Client Error: Not Found for url: https://answeringislam.info/authors/shamoun/rebuttals/authors/shamoun/rebuttals/kunde/trinity1.html
https://answeringislam.info/authors/shamoun/rebuttals/authors/shamoun/rebuttals/kunde/trinity2.html	404 Client Error: Not Found for url: https://answeringislam.info/authors/shamoun/rebuttals/authors/shamoun/rebuttals/kunde/trinity2.html
https://answeringislam.info/authors/shamoun/rebuttals/authors/shamoun/rebuttals/kunde/mediation1.html	404 Client Error: Not Found for url: https://answeringislam.info/authors/shamoun/rebuttals/authors/shamoun/rebuttals/kunde/mediation1.html
https://answeringislam.info/authors/shamoun/rebuttals/authors/shamoun/rebuttals/kunde/mediation2.html	404 Client Error: Not Found for url: https://answeringislam.info/authors/shamoun/rebuttals/authors/shamoun/rebuttals/kunde/mediation2.html
https://answeringislam.info/authors/shamoun/rebuttals/authors/shamoun/rebuttals/kunde/mediation3.html	404 Client Error: Not Found for url: https://answeringislam.info/authors/shamoun/rebuttals/authors/shamoun/rebuttals/kunde/mediation3.html
https://answeringislam.info/authors/shamoun/rebuttals/authors/shamoun/rebuttals/kunde/mediation4.html	404 Client Error: Not Found for url: https://answeringislam.info/authors/shamoun/rebuttals/authors/shamoun/rebuttals/kunde/mediation4.html
https://answeringislam.info/authors/shamoun/rebuttals/authors/shamoun/rebuttals/naik/jesus_divinity.html	404 Client Error: Not Found for url: https://answeringislam.info/authors/shamoun/rebuttals/authors/shamoun/rebuttals/naik/jesus_divinity.html
https://answeringislam.info/authors/shamoun/rebuttals/authors/shamoun/rebuttals/questionmark/lamb_slain.html	404 Client Error: Not Found for url: https://answeringislam.info/authors/shamoun/rebuttals/authors/shamoun/rebuttals/questionmark/lamb_slain.html
https://answeringislam.info/authors/shamoun/rebuttals/authors/shamoun/rebuttals/questionmark/on_thrones1.html	404 Client Error: Not Found for url: https://answeringislam.info/authors/shamoun/rebuttals/authors/shamoun/rebuttals/questionmark/on_thrones1.html
https://answeringislam.info/authors/shamoun/rebuttals/authors/shamoun/rebuttals/questionmark/on_thrones2.html	404 Client Error: Not Found for url: https://answeringislam.info/authors/shamoun/rebuttals/authors/shamoun/rebuttals/questionmark/on_thrones2.html
https://answeringislam.info/authors/shamoun/rebuttals/authors/shamoun/rebuttals/questionmark/war_on_allah.html	404 Client Error: Not Found for url: https://answeringislam.info/authors/shamoun/rebuttals/authors/shamoun/rebuttals/questionmark/war_on_allah.html
https://answeringislam.info/authors/shamoun/rebuttals/authors/shamoun/rebuttals/questionmark/risefall1.html	404 Client Error: Not Found for url: https://answeringislam.info/authors/shamoun/rebuttals/authors/shamoun/rebuttals/questionmark/risefall1.html
https://answeringislam.info/authors/shamoun/rebuttals/authors/shamoun/rebuttals/questionmark/risefall2.html	404 Client Error: Not Found for url: https://answeringislam.info/authors/shamoun/rebuttals/authors/shamoun/rebuttals/questionmark/risefall2.html
https://answeringislam.info/authors/shamoun/rebuttals/authors/shamoun/rebuttals/questionmark/risefall3.html	404 Client Error: Not Found for url: https://answeringislam.info/authors/shamoun/rebuttals/authors/shamoun/rebuttals/questionmark/risefall3.html
https://answeringislam.info/authors/shamoun/rebuttals/authors/shamoun/rebuttals/williams/most_popular_verse.html	404 Client Error: Not Found for url: https://answeringislam.info/authors/shamoun/rebuttals/authors/shamoun/rebuttals/williams/most_popular_verse.html
https://answeringislam.info/authors/shamoun/rebuttals/authors/shamoun/rebuttals/williams/mhd_slave.html	404 Client Error: Not Found for url: https://answeringislam.info/authors/shamoun/rebuttals/authors/shamoun/rebuttals/williams/mhd_slave.html
https://answeringislam.info/authors/shamoun/rebuttals/authors/shamoun/rebuttals/williams/messiah_righteousness1.html	404 Client Error: Not Found for url: https://answeringislam.info/authors/shamoun/rebuttals/authors/shamoun/rebuttals/williams/messiah_righteousness1.html
https://answeringislam.info/authors/shamoun/rebuttals/authors/shamoun/rebuttals/williams/messiah_righteousness2.html	404 Client Error: Not Found for url: https://answeringislam.info/authors/shamoun/rebuttals/authors/shamoun/rebuttals/williams/messiah_righteousness2.html
https://answeringislam.info/authors/shamoun/rebuttals/authors/shamoun/rebuttals/williams/salvation_has_come.html	404 Client Error: Not Found for url: https://answeringislam.info/authors/shamoun/rebuttals/authors/shamoun/rebuttals/williams/salvation_has_come.html
https://answeringislam.info/authors/shamoun/rebuttals/authors/shamoun/rebuttals/williams/buzzard_def.html	404 Client Error: Not Found for url: https://answeringislam.info/authors/shamoun/rebuttals/authors/shamoun/rebuttals/williams/buzzard_def.html
https://answeringislam.info/authors/shamoun/rebuttals/authors/shamoun/rebuttals/williams/apotheosis.html	404 Client Error: Not Found for url: https://answeringislam.info/authors/shamoun/rebuttals/authors/shamoun/rebuttals/williams/apotheosis.html
https://answeringislam.info/authors/shamoun/rebuttals/authors/shamoun/rebuttals/williams/under_feet1.html	404 Client Error: Not Found for url: https://answeringislam.info/authors/shamoun/rebuttals/authors/shamoun/rebuttals/williams/under_feet1.html
https://answeringislam.info/authors/shamoun/rebuttals/authors/shamoun/rebuttals/williams/under_feet2.html	404 Client Error: Not Found for url: https://answeringislam.info/authors/shamoun/rebuttals/authors/shamoun/rebuttals/williams/under_feet2.html
https://answeringislam.info/authors/shamoun/rebuttals/authors/shamoun/rebuttals/williams/under_feet3.html	404 Client Error: Not Found for url: https://answeringislam.info/authors/shamoun/rebuttals/authors/shamoun/rebuttals/williams/under_feet3.html
https://answeringislam.info/authors/shamoun/rebuttals/authors/shamoun/rebuttals/williams/mt_28_18_a.html	404 Client Error: Not Found for url: https://answeringislam.info/authors/shamoun/rebuttals/authors/shamoun/rebuttals/williams/mt_28_18_a.html
https://answeringislam.info/authors/shamoun/rebuttals/authors/shamoun/rebuttals/williams/rabbi1.html	404 Client Error: Not Found for url: https://answeringislam.info/authors/shamoun/rebuttals/authors/shamoun/rebuttals/williams/rabbi1.html
https://answeringislam.info/authors/shamoun/rebuttals/authors/shamoun/rebuttals/williams/rabbi2.html	404 Client Error: Not Found for url: https://answeringislam.info/authors/shamoun/rebuttals/authors/shamoun/rebuttals/williams/rabbi2.html
https://answeringislam.info/authors/shamoun/rebuttals/authors/shamoun/rebuttals/williams/mt_28_18_b.html	404 Client Error: Not Found for url: https://answeringislam.info/authors/shamoun/rebuttals/authors/shamoun/rebuttals/williams/mt_28_18_b.html
https://answeringislam.info/authors/shamoun/rebuttals/authors/shamoun/rebuttals/williams/proves_jesus_god1.html	404 Client Error: Not Found for url: https://answeringislam.info/authors/shamoun/rebuttals/authors/shamoun/rebuttals/williams/proves_jesus_god1.html
https://answeringislam.info/authors/shamoun/rebuttals/authors/shamoun/rebuttals/williams/proves_jesus_god2.html	404 Client Error: Not Found for url: https://answeringislam.info/authors/shamoun/rebuttals/authors/shamoun/rebuttals/williams/proves_jesus_god2.html
https://answeringislam.info/authors/shamoun/rebuttals/authors/shamoun/rebuttals/williams/proves_jesus_god3.html	404 Client Error: Not Found for url: https://answeringislam.info/authors/shamoun/rebuttals/authors/shamoun/rebuttals/williams/proves_jesus_god3.html
https://answeringislam.info/authors/shamoun/rebuttals/authors/shamoun/rebuttals/williams/eyes_unable1.html	404 Client Error: Not Found for url: https://answeringislam.info/authors/shamoun/rebuttals/authors/shamoun/rebuttals/williams/eyes_unable1.html
https://answeringislam.info/authors/shamoun/rebuttals/authors/shamoun/rebuttals/williams/eyes_unable2.html	404 Client Error: Not Found for url: https://answeringislam.info/authors/shamoun/rebuttals/authors/shamoun/rebuttals/williams/eyes_unable2.html
https://answeringislam.info/authors/shamoun/rebuttals/authors/shamoun/rebuttals/williams/eyes_unable3.html	404 Client Error: Not Found for url: https://answeringislam.info/authors/shamoun/rebuttals/authors/shamoun/rebuttals/williams/eyes_unable3.html
https://answeringislam.info/authors/shamoun/rebuttals/authors/shamoun/rebuttals/williams/authentic_prayer.html	404 Client Error: Not Found for url: https://answeringislam.info/authors/shamoun/rebuttals/authors/shamoun/rebuttals/williams/authentic_prayer.html
https://answeringislam.info/authors/shamoun/rebuttals/authors/shamoun/rebuttals/williams/monotheism_distorted.html	404 Client Error: Not Found for url: https://answeringislam.info/authors/shamoun/rebuttals/authors/shamoun/rebuttals/williams/monotheism_distorted.html
https://answeringislam.info/authors/shamoun/rebuttals/authors/shamoun/rebuttals/williams/mcgrath1.html	404 Client Error: Not Found for url: https://answeringislam.info/authors/shamoun/rebuttals/authors/shamoun/rebuttals/williams/mcgrath1.html
https://answeringislam.info/authors/shamoun/rebuttals/authors/shamoun/rebuttals/williams/mcgrath2.html	404 Client Error: Not Found for url: https://answeringislam.info/authors/shamoun/rebuttals/authors/shamoun/rebuttals/williams/mcgrath2.html
https://answeringislam.info/authors/shamoun/rebuttals/authors/shamoun/rebuttals/williams/jesus_given_authority.html	404 Client Error: Not Found for url: https://answeringislam.info/authors/shamoun/rebuttals/authors/shamoun/rebuttals/williams/jesus_given_authority.html
https://answeringislam.info/authors/shamoun/rebuttals/authors/shamoun/rebuttals/williams/allah_inheritance.html	404 Client Error: Not Found for url: https://answeringislam.info/authors/shamoun/rebuttals/authors/shamoun/rebuttals/williams/allah_inheritance.html
https://answeringislam.info/authors/shamoun/rebuttals/authors/shamoun/rebuttals/williams/paul_women.html	404 Client Error: Not Found for url: https://answeringislam.info/authors/shamoun/rebuttals/authors/shamoun/rebuttals/williams/paul_women.html
https://answeringislam.info/authors/shamoun/rebuttals/authors/shamoun/rebuttals/williams/mo_misogynist.html	404 Client Error: Not Found for url: https://answeringislam.info/authors/shamoun/rebuttals/authors/shamoun/rebuttals/williams/mo_misogynist.html
https://answeringislam.info/authors/shamoun/rebuttals/authors/shamoun/rebuttals/williams/allahs_cruelty.html	404 Client Error: Not Found for url: https://answeringislam.info/authors/shamoun/rebuttals/authors/shamoun/rebuttals/williams/allahs_cruelty.html
https://answeringislam.info/authors/shamoun/rebuttals/authors/shamoun/rebuttals/williams/women_treatment.html	404 Client Error: Not Found for url: https://answeringislam.info/authors/shamoun/rebuttals/authors/shamoun/rebuttals/williams/women_treatment.html
https://answeringislam.info/authors/shamoun/rebuttals/authors/shamoun/rebuttals/williams/acts2_22.html	404 Client Error: Not Found for url: https://answeringislam.info/authors/shamoun/rebuttals/authors/shamoun/rebuttals/williams/acts2_22.html
https://answeringislam.info/authors/shamoun/rebuttals/authors/shamoun/rebuttals/williams/acts2_36.html	404 Client Error: Not Found for url: https://answeringislam.info/authors/shamoun/rebuttals/authors/shamoun/rebuttals/williams/acts2_36.html
https://answeringislam.info/authors/shamoun/rebuttals/authors/shamoun/rebuttals/williams/debate_green2.html	404 Client Error: Not Found for url: https://answeringislam.info/authors/shamoun/rebuttals/authors/shamoun/rebuttals/williams/debate_green2.html
https://answeringislam.info/authors/shamoun/rebuttals/authors/shamoun/rebuttals/williams/jesus_holy_righteous.html	404 Client Error: Not Found for url: https://answeringislam.info/authors/shamoun/rebuttals/authors/shamoun/rebuttals/williams/jesus_holy_righteous.html
https://answeringislam.info/authors/shamoun/rebuttals/authors/shamoun/rebuttals/williams/messiah_world.html	404 Client Error: Not Found for url: https://answeringislam.info/authors/shamoun/rebuttals/authors/shamoun/rebuttals/williams/messiah_world.html
https://answeringislam.info/authors/shamoun/rebuttals/authors/shamoun/rebuttals/williams/obtain_salvation.html	404 Client Error: Not Found for url: https://answeringislam.info/authors/shamoun/rebuttals/authors/shamoun/rebuttals/williams/obtain_salvation.html
https://answeringislam.info/authors/shamoun/rebuttals/authors/shamoun/rebuttals/williams/obtain_salvation2a.html	404 Client Error: Not Found for url: https://answeringislam.info/authors/shamoun/rebuttals/authors/shamoun/rebuttals/williams/obtain_salvation2a.html
https://answeringislam.info/authors/shamoun/rebuttals/authors/shamoun/rebuttals/williams/obtain_salvation2b.html	404 Client Error: Not Found for url: https://answeringislam.info/authors/shamoun/rebuttals/authors/shamoun/rebuttals/williams/obtain_salvation2b.html
https://answeringislam.info/authors/shamoun/rebuttals/authors/shamoun/rebuttals/williams/john_different.html	404 Client Error: Not Found for url: https://answeringislam.info/authors/shamoun/rebuttals/authors/shamoun/rebuttals/williams/john_different.html
https://answeringislam.info/authors/shamoun/rebuttals/authors/shamoun/rebuttals/williams/jesus_subject1.html	404 Client Error: Not Found for url: https://answeringislam.info/authors/shamoun/rebuttals/authors/shamoun/rebuttals/williams/jesus_subject1.html
https://answeringislam.info/authors/shamoun/rebuttals/authors/shamoun/rebuttals/williams/jesus_light.html	404 Client Error: Not Found for url: https://answeringislam.info/authors/shamoun/rebuttals/authors/shamoun/rebuttals/williams/jesus_light.html
https://answeringislam.info/authors/shamoun/rebuttals/authors/shamoun/rebuttals/williams/jesus_wisdom1.html	404 Client Error: Not Found for url: https://answeringislam.info/authors/shamoun/rebuttals/authors/shamoun/rebuttals/williams/jesus_wisdom1.html
https://answeringislam.info/authors/shamoun/rebuttals/authors/shamoun/rebuttals/williams/jesus_wisdom2.html	404 Client Error: Not Found for url: https://answeringislam.info/authors/shamoun/rebuttals/authors/shamoun/rebuttals/williams/jesus_wisdom2.html
https://answeringislam.info/authors/shamoun/rebuttals/authors/shamoun/rebuttals/williams/quran_on_bible1.html	404 Client Error: Not Found for url: https://answeringislam.info/authors/shamoun/rebuttals/authors/shamoun/rebuttals/williams/quran_on_bible1.html
https://answeringislam.info/authors/shamoun/rebuttals/authors/shamoun/rebuttals/williams/quran_on_bible2.html	404 Client Error: Not Found for url: https://answeringislam.info/authors/shamoun/rebuttals/authors/shamoun/rebuttals/williams/quran_on_bible2.html
https://answeringislam.info/authors/shamoun/rebuttals/authors/shamoun/rebuttals/williams/licona_answer.html	404 Client Error: Not Found for url: https://answeringislam.info/authors/shamoun/rebuttals/authors/shamoun/rebuttals/williams/licona_answer.html
https://answeringislam.info/authors/shamoun/rebuttals/authors/shamoun/rebuttals/williams/quran_fables.html	404 Client Error: Not Found for url: https://answeringislam.info/authors/shamoun/rebuttals/authors/shamoun/rebuttals/williams/quran_fables.html
https://answeringislam.info/authors/shamoun/rebuttals/authors/shamoun/rebuttals/williams/fools_folly.html	404 Client Error: Not Found for url: https://answeringislam.info/authors/shamoun/rebuttals/authors/shamoun/rebuttals/williams/fools_folly.html
https://answeringislam.info/authors/shamoun/rebuttals/authors/shamoun/rebuttals/williams/grave_worship.html	404 Client Error: Not Found for url: https://answeringislam.info/authors/shamoun/rebuttals/authors/shamoun/rebuttals/williams/grave_worship.html
https://answeringislam.info/authors/shamoun/rebuttals/authors/shamoun/rebuttals/williams/human_sacrifice.html	404 Client Error: Not Found for url: https://answeringislam.info/authors/shamoun/rebuttals/authors/shamoun/rebuttals/williams/human_sacrifice.html
https://answeringislam.info/authors/shamoun/rebuttals/authors/shamoun/rebuttals/williams/morally_grotesque.html	404 Client Error: Not Found for url: https://answeringislam.info/authors/shamoun/rebuttals/authors/shamoun/rebuttals/williams/morally_grotesque.html
https://answeringislam.info/authors/shamoun/rebuttals/authors/shamoun/rebuttals/williams/abuses1.html	404 Client Error: Not Found for url: https://answeringislam.info/authors/shamoun/rebuttals/authors/shamoun/rebuttals/williams/abuses1.html
https://answeringislam.info/authors/shamoun/rebuttals/authors/shamoun/rebuttals/williams/abuses2a.html	404 Client Error: Not Found for url: https://answeringislam.info/authors/shamoun/rebuttals/authors/shamoun/rebuttals/williams/abuses2a.html
https://answeringislam.info/authors/shamoun/rebuttals/authors/shamoun/rebuttals/williams/abuses2b.html	404 Client Error: Not Found for url: https://answeringislam.info/authors/shamoun/rebuttals/authors/shamoun/rebuttals/williams/abuses2b.html
https://answeringislam.info/authors/shamoun/rebuttals/authors/shamoun/rebuttals/williams/abuses3.html	404 Client Error: Not Found for url: https://answeringislam.info/authors/shamoun/rebuttals/authors/shamoun/rebuttals/williams/abuses3.html
https://answeringislam.info/authors/shamoun/rebuttals/authors/shamoun/rebuttals/williams/jn20_17.html	404 Client Error: Not Found for url: https://answeringislam.info/authors/shamoun/rebuttals/authors/shamoun/rebuttals/williams/jn20_17.html
https://answeringislam.info/authors/shamoun/rebuttals/authors/shamoun/rebuttals/williams/jesus_our_lord_and_our_god.html	404 Client Error: Not Found for url: https://answeringislam.info/authors/shamoun/rebuttals/authors/shamoun/rebuttals/williams/jesus_our_lord_and_our_god.html
https://answeringislam.info/authors/shamoun/rebuttals/authors/shamoun/rebuttals/williams/jesus_lord_indeed1.html	404 Client Error: Not Found for url: https://answeringislam.info/authors/shamoun/rebuttals/authors/shamoun/rebuttals/williams/jesus_lord_indeed1.html
https://answeringislam.info/authors/shamoun/rebuttals/authors/shamoun/rebuttals/williams/jesus_lord_indeed2.html	404 Client Error: Not Found for url: https://answeringislam.info/authors/shamoun/rebuttals/authors/shamoun/rebuttals/williams/jesus_lord_indeed2.html
https://answeringislam.info/authors/shamoun/rebuttals/authors/shamoun/rebuttals/williams/good_logic1.html	404 Client Error: Not Found for url: https://answeringislam.info/authors/shamoun/rebuttals/authors/shamoun/rebuttals/williams/good_logic1.html
https://answeringislam.info/authors/shamoun/rebuttals/authors/shamoun/rebuttals/williams/good_logic2.html	404 Client Error: Not Found for url: https://answeringislam.info/authors/shamoun/rebuttals/authors/shamoun/rebuttals/williams/good_logic2.html
https://answeringislam.info/authors/shamoun/rebuttals/authors/shamoun/rebuttals/williams/good_logic3.html	404 Client Error: Not Found for url: https://answeringislam.info/authors/shamoun/rebuttals/authors/shamoun/rebuttals/williams/good_logic3.html
https://answeringislam.info/authors/shamoun/rebuttals/authors/shamoun/rebuttals/williams/barnabas_vermes.html	404 Client Error: Not Found for url: https://answeringislam.info/authors/shamoun/rebuttals/authors/shamoun/rebuttals/williams/barnabas_vermes.html
https://answeringislam.info/authors/shamoun/rebuttals/authors/shamoun/rebuttals/williams/didache1.html	404 Client Error: Not Found for url: https://answeringislam.info/authors/shamoun/rebuttals/authors/shamoun/rebuttals/williams/didache1.html
https://answeringislam.info/authors/shamoun/rebuttals/authors/shamoun/rebuttals/williams/didache2.html	404 Client Error: Not Found for url: https://answeringislam.info/authors/shamoun/rebuttals/authors/shamoun/rebuttals/williams/didache2.html
https://answeringislam.info/authors/shamoun/rebuttals/authors/shamoun/rebuttals/williams/didache3.html	404 Client Error: Not Found for url: https://answeringislam.info/authors/shamoun/rebuttals/authors/shamoun/rebuttals/williams/didache3.html
https://answeringislam.info/authors/shamoun/rebuttals/authors/shamoun/rebuttals/williams/didache4.html	404 Client Error: Not Found for url: https://answeringislam.info/authors/shamoun/rebuttals/authors/shamoun/rebuttals/williams/didache4.html
https://answeringislam.info/authors/shamoun/rebuttals/authors/shamoun/rebuttals/williams/god_incarnate1.html	404 Client Error: Not Found for url: https://answeringislam.info/authors/shamoun/rebuttals/authors/shamoun/rebuttals/williams/god_incarnate1.html
https://answeringislam.info/authors/shamoun/rebuttals/authors/shamoun/rebuttals/williams/god_incarnate2.html	404 Client Error: Not Found for url: https://answeringislam.info/authors/shamoun/rebuttals/authors/shamoun/rebuttals/williams/god_incarnate2.html
https://answeringislam.info/authors/shamoun/rebuttals/authors/shamoun/rebuttals/williams/god_incarnate3.html	404 Client Error: Not Found for url: https://answeringislam.info/authors/shamoun/rebuttals/authors/shamoun/rebuttals/williams/god_incarnate3.html
https://answeringislam.info/authors/shamoun/rebuttals/authors/shamoun/rebuttals/williams/forgiving_sin.html	404 Client Error: Not Found for url: https://answeringislam.info/authors/shamoun/rebuttals/authors/shamoun/rebuttals/williams/forgiving_sin.html
https://answeringislam.info/authors/shamoun/rebuttals/authors/shamoun/rebuttals/williams/nabonides.html	404 Client Error: Not Found for url: https://answeringislam.info/authors/shamoun/rebuttals/authors/shamoun/rebuttals/williams/nabonides.html
https://answeringislam.info/authors/shamoun/rebuttals/authors/shamoun/rebuttals/williams/death_necessary1.html	404 Client Error: Not Found for url: https://answeringislam.info/authors/shamoun/rebuttals/authors/shamoun/rebuttals/williams/death_necessary1.html
https://answeringislam.info/authors/shamoun/rebuttals/authors/shamoun/rebuttals/williams/death_necessary2.html	404 Client Error: Not Found for url: https://answeringislam.info/authors/shamoun/rebuttals/authors/shamoun/rebuttals/williams/death_necessary2.html
https://answeringislam.info/authors/shamoun/rebuttals/authors/shamoun/rebuttals/williams/divine_mediator1.html	404 Client Error: Not Found for url: https://answeringislam.info/authors/shamoun/rebuttals/authors/shamoun/rebuttals/williams/divine_mediator1.html
https://answeringislam.info/authors/shamoun/rebuttals/authors/shamoun/rebuttals/williams/divine_mediator2.html	404 Client Error: Not Found for url: https://answeringislam.info/authors/shamoun/rebuttals/authors/shamoun/rebuttals/williams/divine_mediator2.html
https://answeringislam.info/authors/shamoun/rebuttals/authors/shamoun/rebuttals/williams/need_mediator.html	404 Client Error: Not Found for url: https://answeringislam.info/authors/shamoun/rebuttals/authors/shamoun/rebuttals/williams/need_mediator.html
https://answeringislam.info/authors/shamoun/rebuttals/authors/shamoun/rebuttals/williams/baptist_exposes1.html	404 Client Error: Not Found for url: https://answeringislam.info/authors/shamoun/rebuttals/authors/shamoun/rebuttals/williams/baptist_exposes1.html
https://answeringislam.info/authors/shamoun/rebuttals/authors/shamoun/rebuttals/williams/baptist_exposes2.html	404 Client Error: Not Found for url: https://answeringislam.info/authors/shamoun/rebuttals/authors/shamoun/rebuttals/williams/baptist_exposes2.html
https://answeringislam.info/authors/shamoun/rebuttals/authors/shamoun/rebuttals/williams/real_savior1.html	404 Client Error: Not Found for url: https://answeringislam.info/authors/shamoun/rebuttals/authors/shamoun/rebuttals/williams/real_savior1.html
https://answeringislam.info/authors/shamoun/rebuttals/authors/shamoun/rebuttals/williams/real_savior2.html	404 Client Error: Not Found for url: https://answeringislam.info/authors/shamoun/rebuttals/authors/shamoun/rebuttals/williams/real_savior2.html
https://answeringislam.info/authors/shamoun/rebuttals/authors/shamoun/rebuttals/williams/real_savior3a.html	404 Client Error: Not Found for url: https://answeringislam.info/authors/shamoun/rebuttals/authors/shamoun/rebuttals/williams/real_savior3a.html
https://answeringislam.info/authors/shamoun/rebuttals/authors/shamoun/rebuttals/williams/real_savior3b.html	404 Client Error: Not Found for url: https://answeringislam.info/authors/shamoun/rebuttals/authors/shamoun/rebuttals/williams/real_savior3b.html
https://answeringislam.info/authors/shamoun/rebuttals/authors/shamoun/rebuttals/williams/mhd_mediator.html	404 Client Error: Not Found for url: https://answeringislam.info/authors/shamoun/rebuttals/authors/shamoun/rebuttals/williams/mhd_mediator.html
https://answeringislam.info/authors/shamoun/rebuttals/authors/shamoun/rebuttals/williams/mhd_god_again1.html	404 Client Error: Not Found for url: https://answeringislam.info/authors/shamoun/rebuttals/authors/shamoun/rebuttals/williams/mhd_god_again1.html
https://answeringislam.info/authors/shamoun/rebuttals/authors/shamoun/rebuttals/williams/mhd_god_again2.html	404 Client Error: Not Found for url: https://answeringislam.info/authors/shamoun/rebuttals/authors/shamoun/rebuttals/williams/mhd_god_again2.html
https://answeringislam.info/authors/shamoun/rebuttals/authors/shamoun/rebuttals/williams/mhd_god_again3.html	404 Client Error: Not Found for url: https://answeringislam.info/authors/shamoun/rebuttals/authors/shamoun/rebuttals/williams/mhd_god_again3.html
https://answeringislam.info/authors/shamoun/rebuttals/authors/shamoun/rebuttals/williams/false_accusations1.html	404 Client Error: Not Found for url: https://answeringislam.info/authors/shamoun/rebuttals/authors/shamoun/rebuttals/williams/false_accusations1.html
https://answeringislam.info/authors/shamoun/rebuttals/authors/shamoun/rebuttals/williams/false_accusations2.html	404 Client Error: Not Found for url: https://answeringislam.info/authors/shamoun/rebuttals/authors/shamoun/rebuttals/williams/false_accusations2.html
https://answeringislam.info/authors/shamoun/rebuttals/authors/shamoun/rebuttals/williams/false_accusations3.html	404 Client Error: Not Found for url: https://answeringislam.info/authors/shamoun/rebuttals/authors/shamoun/rebuttals/williams/false_accusations3.html
https://answeringislam.info/authors/shamoun/rebuttals/authors/shamoun/rebuttals/williams/false_accusations4.html	404 Client Error: Not Found for url: https://answeringislam.info/authors/shamoun/rebuttals/authors/shamoun/rebuttals/williams/false_accusations4.html
https://answeringislam.info/authors/shamoun/rebuttals/authors/shamoun/rebuttals/williams/false_accusations5.html	404 Client Error: Not Found for url: https://answeringislam.info/authors/shamoun/rebuttals/authors/shamoun/rebuttals/williams/false_accusations5.html
https://answeringislam.info/authors/shamoun/rebuttals/authors/shamoun/rebuttals/williams/false_accusations6.html	404 Client Error: Not Found for url: https://answeringislam.info/authors/shamoun/rebuttals/authors/shamoun/rebuttals/williams/false_accusations6.html
https://answeringislam.info/authors/shamoun/rebuttals/authors/shamoun/rebuttals/williams/acts_proclaims.html	404 Client Error: Not Found for url: https://answeringislam.info/authors/shamoun/rebuttals/authors/shamoun/rebuttals/williams/acts_proclaims.html
https://answeringislam.info/authors/shamoun/rebuttals/authors/shamoun/rebuttals/williams/pharisee_taxcollector.html	404 Client Error: Not Found for url: https://answeringislam.info/authors/shamoun/rebuttals/authors/shamoun/rebuttals/williams/pharisee_taxcollector.html
https://answeringislam.info/authors/shamoun/rebuttals/authors/shamoun/rebuttals/williams/jesus_omniscience_luke1.html	404 Client Error: Not Found for url: https://answeringislam.info/authors/shamoun/rebuttals/authors/shamoun/rebuttals/williams/jesus_omniscience_luke1.html
https://answeringislam.info/authors/shamoun/rebuttals/authors/shamoun/rebuttals/williams/jesus_omniscience_luke2.html	404 Client Error: Not Found for url: https://answeringislam.info/authors/shamoun/rebuttals/authors/shamoun/rebuttals/williams/jesus_omniscience_luke2.html
https://answeringislam.info/authors/shamoun/rebuttals/authors/shamoun/rebuttals/williams/allah_not_knowing.html	404 Client Error: Not Found for url: https://answeringislam.info/authors/shamoun/rebuttals/authors/shamoun/rebuttals/williams/allah_not_knowing.html
https://answeringislam.info/authors/shamoun/rebuttals/authors/shamoun/rebuttals/williams/muslimah_questions1.html	404 Client Error: Not Found for url: https://answeringislam.info/authors/shamoun/rebuttals/authors/shamoun/rebuttals/williams/muslimah_questions1.html
https://answeringislam.info/authors/shamoun/rebuttals/authors/shamoun/rebuttals/williams/muslimah_questions2.html	404 Client Error: Not Found for url: https://answeringislam.info/authors/shamoun/rebuttals/authors/shamoun/rebuttals/williams/muslimah_questions2.html
https://answeringislam.info/authors/shamoun/rebuttals/authors/shamoun/rebuttals/williams/muslimah_questions3.html	404 Client Error: Not Found for url: https://answeringislam.info/authors/shamoun/rebuttals/authors/shamoun/rebuttals/williams/muslimah_questions3.html
https://answeringislam.info/authors/shamoun/rebuttals/authors/shamoun/rebuttals/williams/muslimah_questions4.html	404 Client Error: Not Found for url: https://answeringislam.info/authors/shamoun/rebuttals/authors/shamoun/rebuttals/williams/muslimah_questions4.html
https://answeringislam.info/authors/shamoun/rebuttals/authors/shamoun/rebuttals/zaatari/borrow_challenge1.html	404 Client Error: Not Found for url: https://answeringislam.info/authors/shamoun/rebuttals/authors/shamoun/rebuttals/zaatari/borrow_challenge1.html
https://answeringislam.info/authors/shamoun/rebuttals/authors/shamoun/rebuttals/zaatari/borrow_challenge2.html	404 Client Error: Not Found for url: https://answeringislam.info/authors/shamoun/rebuttals/authors/shamoun/rebuttals/zaatari/borrow_challenge2.html
https://answeringislam.info/authors/shamoun/rebuttals/authors/shamoun/rebuttals/zaatari/no_need_to_guess1.html	404 Client Error: Not Found for url: https://answeringislam.info/authors/shamoun/rebuttals/authors/shamoun/rebuttals/zaatari/no_need_to_guess1.html
https://answeringislam.info/authors/shamoun/rebuttals/authors/shamoun/rebuttals/zaatari/no_need_to_guess2.html	404 Client Error: Not Found for url: https://answeringislam.info/authors/shamoun/rebuttals/authors/shamoun/rebuttals/zaatari/no_need_to_guess2.html
https://answeringislam.info/authors/shamoun/rebuttals/authors/shamoun/rebuttals/zaatari/psalm110_1_1.html	404 Client Error: Not Found for url: https://answeringislam.info/authors/shamoun/rebuttals/authors/shamoun/rebuttals/zaatari/psalm110_1_1.html
https://answeringislam.info/authors/shamoun/rebuttals/authors/shamoun/rebuttals/zaatari/psalm110_1_2.html	404 Client Error: Not Found for url: https://answeringislam.info/authors/shamoun/rebuttals/authors/shamoun/rebuttals/zaatari/psalm110_1_2.html
https://answeringislam.info/authors/shamoun/rebuttals/authors/shamoun/rebuttals/zaatari/psalm110_1_3.html	404 Client Error: Not Found for url: https://answeringislam.info/authors/shamoun/rebuttals/authors/shamoun/rebuttals/zaatari/psalm110_1_3.html
https://answeringislam.info/authors/shamoun/rebuttals/authors/shamoun/rebuttals/zaatari/psalm110_1_4.html	404 Client Error: Not Found for url: https://answeringislam.info/authors/shamoun/rebuttals/authors/shamoun/rebuttals/zaatari/psalm110_1_4.html
https://answeringislam.info/authors/shamoun/rebuttals/authors/shamoun/rebuttals/zaatari/jesus_sinless1.html	404 Client Error: Not Found for url: https://answeringislam.info/authors/shamoun/rebuttals/authors/shamoun/rebuttals/zaatari/jesus_sinless1.html
https://answeringislam.info/authors/shamoun/rebuttals/authors/shamoun/rebuttals/zaatari/jesus_sinless2.html	404 Client Error: Not Found for url: https://answeringislam.info/authors/shamoun/rebuttals/authors/shamoun/rebuttals/zaatari/jesus_sinless2.html
https://answeringislam.info/authors/shamoun/rebuttals/authors/shamoun/rebuttals/zaatari/baby_urine1.html	404 Client Error: Not Found for url: https://answeringislam.info/authors/shamoun/rebuttals/authors/shamoun/rebuttals/zaatari/baby_urine1.html
https://answeringislam.info/authors/shamoun/rebuttals/authors/shamoun/rebuttals/zaatari/baby_urine2.html	404 Client Error: Not Found for url: https://answeringislam.info/authors/shamoun/rebuttals/authors/shamoun/rebuttals/zaatari/baby_urine2.html
https://answeringislam.info/authors/shamoun/rebuttals/authors/shamoun/rebuttals/zaatari/divine_attributes1.html	404 Client Error: Not Found for url: https://answeringislam.info/authors/shamoun/rebuttals/authors/shamoun/rebuttals/zaatari/divine_attributes1.html
https://answeringislam.info/authors/shamoun/rebuttals/authors/shamoun/rebuttals/zaatari/williams_green1.html	404 Client Error: Not Found for url: https://answeringislam.info/authors/shamoun/rebuttals/authors/shamoun/rebuttals/zaatari/williams_green1.html
https://answeringislam.info/authors/shamoun/rebuttals/authors/shamoun/rebuttals/zaatari/williams_green2.html	404 Client Error: Not Found for url: https://answeringislam.info/authors/shamoun/rebuttals/authors/shamoun/rebuttals/zaatari/williams_green2.html
https://answeringislam.info/authors/shamoun/rebuttals/authors/shamoun/rebuttals/zaatari/williams_green_add.html	404 Client Error: Not Found for url: https://answeringislam.info/authors/shamoun/rebuttals/authors/shamoun/rebuttals/zaatari/williams_green_add.html
https://answeringislam.info/authors/shamoun/rebuttals/authors/shamoun/rebuttals/zaatari/forgiven_without_cross.html	404 Client Error: Not Found for url: https://answeringislam.info/authors/shamoun/rebuttals/authors/shamoun/rebuttals/zaatari/forgiven_without_cross.html
https://answeringislam.info/authors/shamoun/rebuttals/authors/shamoun/rebuttals/zaatari/worship_muhammad.html	404 Client Error: Not Found for url: https://answeringislam.info/authors/shamoun/rebuttals/authors/shamoun/rebuttals/zaatari/worship_muhammad.html
https://answeringislam.info/authors/shamoun/rebuttals/authors/shamoun/rebuttals/zaatari/mo-false1.html	404 Client Error: Not Found for url: https://answeringislam.info/authors/shamoun/rebuttals/authors/shamoun/rebuttals/zaatari/mo-false1.html
https://answeringislam.info/authors/shamoun/rebuttals/authors/shamoun/rebuttals/zaatari/mo-false2.html	404 Client Error: Not Found for url: https://answeringislam.info/authors/shamoun/rebuttals/authors/shamoun/rebuttals/zaatari/mo-false2.html
https://answeringislam.info/authors/shamoun/rebuttals/authors/shamoun/rebuttals/zaatari/mo-false3.html	404 Client Error: Not Found for url: https://answeringislam.info/authors/shamoun/rebuttals/authors/shamoun/rebuttals/zaatari/mo-false3.html
https://answeringislam.info/authors/shamoun/rebuttals/authors/shamoun/rebuttals/zaatari/messiah_as_god1.html	404 Client Error: Not Found for url: https://answeringislam.info/authors/shamoun/rebuttals/authors/shamoun/rebuttals/zaatari/messiah_as_god1.html
https://answeringislam.info/authors/shamoun/rebuttals/authors/shamoun/rebuttals/zaatari/messiah_as_god2.html	404 Client Error: Not Found for url: https://answeringislam.info/authors/shamoun/rebuttals/authors/shamoun/rebuttals/zaatari/messiah_as_god2.html
https://answeringislam.info/authors/shamoun/rebuttals/authors/shamoun/rebuttals/zaatari/messiah_as_god3.html	404 Client Error: Not Found for url: https://answeringislam.info/authors/shamoun/rebuttals/authors/shamoun/rebuttals/zaatari/messiah_as_god3.html
https://answeringislam.info/authors/shamoun/rebuttals/authors/shamoun/rebuttals/zaatari/jewish_messiah_1.html	404 Client Error: Not Found for url: https://answeringislam.info/authors/shamoun/rebuttals/authors/shamoun/rebuttals/zaatari/jewish_messiah_1.html
https://answeringislam.info/authors/shamoun/rebuttals/authors/shamoun/rebuttals/zaatari/jewish_messiah_2.html	404 Client Error: Not Found for url: https://answeringislam.info/authors/shamoun/rebuttals/authors/shamoun/rebuttals/zaatari/jewish_messiah_2.html
https://answeringislam.info/authors/shamoun/rebuttals/authors/shamoun/rebuttals/zaatari/jewish_messiah_3.html	404 Client Error: Not Found for url: https://answeringislam.info/authors/shamoun/rebuttals/authors/shamoun/rebuttals/zaatari/jewish_messiah_3.html
https://answeringislam.info/authors/shamoun/rebuttals/authors/shamoun/rebuttals/zaatari/jesus_subjection.html	404 Client Error: Not Found for url: https://answeringislam.info/authors/shamoun/rebuttals/authors/shamoun/rebuttals/zaatari/jesus_subjection.html
https://answeringislam.info/authors/shamoun/rebuttals/authors/shamoun/rebuttals/zaatari/miracles_divine.html	404 Client Error: Not Found for url: https://answeringislam.info/authors/shamoun/rebuttals/authors/shamoun/rebuttals/zaatari/miracles_divine.html
https://answeringislam.info/authors/shamoun/rebuttals/authors/shamoun/rebuttals/zaatari/others_see_jesus1.html	404 Client Error: Not Found for url: https://answeringislam.info/authors/shamoun/rebuttals/authors/shamoun/rebuttals/zaatari/others_see_jesus1.html
https://answeringislam.info/authors/shamoun/rebuttals/authors/shamoun/rebuttals/zaatari/others_see_jesus2.html	404 Client Error: Not Found for url: https://answeringislam.info/authors/shamoun/rebuttals/authors/shamoun/rebuttals/zaatari/others_see_jesus2.html
https://answeringislam.info/authors/shamoun/rebuttals/authors/shamoun/rebuttals/zaatari/others_see_jesus3.html	404 Client Error: Not Found for url: https://answeringislam.info/authors/shamoun/rebuttals/authors/shamoun/rebuttals/zaatari/others_see_jesus3.html
https://answeringislam.info/authors/shamoun/rebuttals/authors/shamoun/rebuttals/zaatari/jews_monotheists.html	404 Client Error: Not Found for url: https://answeringislam.info/authors/shamoun/rebuttals/authors/shamoun/rebuttals/zaatari/jews_monotheists.html
https://answeringislam.info/authors/shamoun/rebuttals/authors/shamoun/rebuttals/zaatari/proverbs30_4.html	404 Client Error: Not Found for url: https://answeringislam.info/authors/shamoun/rebuttals/authors/shamoun/rebuttals/zaatari/proverbs30_4.html
https://answeringislam.info/authors/shamoun/rebuttals/authors/shamoun/rebuttals/zaatari/jesus_omniscient1.html	404 Client Error: Not Found for url: https://answeringislam.info/authors/shamoun/rebuttals/authors/shamoun/rebuttals/zaatari/jesus_omniscient1.html
https://answeringislam.info/authors/shamoun/rebuttals/authors/shamoun/rebuttals/zaatari/jesus_omniscient2.html	404 Client Error: Not Found for url: https://answeringislam.info/authors/shamoun/rebuttals/authors/shamoun/rebuttals/zaatari/jesus_omniscient2.html
https://answeringislam.info/authors/shamoun/rebuttals/authors/shamoun/rebuttals/zaatari/allah_not_god.html	404 Client Error: Not Found for url: https://answeringislam.info/authors/shamoun/rebuttals/authors/shamoun/rebuttals/zaatari/allah_not_god.html
https://answeringislam.info/authors/shamoun/rebuttals/authors/shamoun/preislamic_allah1.html	404 Client Error: Not Found for url: https://answeringislam.info/authors/shamoun/rebuttals/authors/shamoun/preislamic_allah1.html
https://answeringislam.info/authors/shamoun/rebuttals/authors/shamoun/rebuttals/zaatari/jesus_only_true_god.html	404 Client Error: Not Found for url: https://answeringislam.info/authors/shamoun/rebuttals/authors/shamoun/rebuttals/zaatari/jesus_only_true_god.html
https://answeringislam.info/authors/shamoun/rebuttals/authors/shamoun/rebuttals/zaatari/my_lord_my_god.html	404 Client Error: Not Found for url: https://answeringislam.info/authors/shamoun/rebuttals/authors/shamoun/rebuttals/zaatari/my_lord_my_god.html
https://answeringislam.info/authors/shamoun/rebuttals/authors/shamoun/rebuttals/zaatari/jesus_heavenly_sent.html	404 Client Error: Not Found for url: https://answeringislam.info/authors/shamoun/rebuttals/authors/shamoun/rebuttals/zaatari/jesus_heavenly_sent.html
https://answeringislam.info/authors/shamoun/rebuttals/authors/shamoun/rebuttals/zaatari/sending_prophets.html	404 Client Error: Not Found for url: https://answeringislam.info/authors/shamoun/rebuttals/authors/shamoun/rebuttals/zaatari/sending_prophets.html
https://answeringislam.info/authors/shamoun/rebuttals/authors/shamoun/rebuttals/zaatari/jesus_supreme_heir.html	404 Client Error: Not Found for url: https://answeringislam.info/authors/shamoun/rebuttals/authors/shamoun/rebuttals/zaatari/jesus_supreme_heir.html
https://answeringislam.info/authors/shamoun/rebuttals/authors/shamoun/rebuttals/zaatari/zaatari_white_review.html	404 Client Error: Not Found for url: https://answeringislam.info/authors/shamoun/rebuttals/authors/shamoun/rebuttals/zaatari/zaatari_white_review.html
https://answeringislam.info/authors/shamoun/rebuttals/authors/shamoun/rebuttals/zaatari/eternal_king.html	404 Client Error: Not Found for url: https://answeringislam.info/authors/shamoun/rebuttals/authors/shamoun/rebuttals/zaatari/eternal_king.html
https://answeringislam.info/authors/shamoun/rebuttals/authors/shamoun/rebuttals/zaatari/crucifixion_denial.html	404 Client Error: Not Found for url: https://answeringislam.info/authors/shamoun/rebuttals/authors/shamoun/rebuttals/zaatari/crucifixion_denial.html
https://answeringislam.info/authors/shamoun/rebuttals/authors/shamoun/rebuttals/zaatari/tauhid1.html	404 Client Error: Not Found for url: https://answeringislam.info/authors/shamoun/rebuttals/authors/shamoun/rebuttals/zaatari/tauhid1.html
https://answeringislam.info/authors/shamoun/rebuttals/authors/shamoun/rebuttals/zaatari/tauhid2.html	('Connection aborted.', RemoteDisconnected('Remote end closed connection without response'))
https://answeringislam.info/authors/shamoun/rebuttals/authors/shamoun/rebuttals/ibnanwar.html	502 Server Error: Bad Gateway for url: https://answeringislam.info/authors/shamoun/rebuttals/authors/shamoun/rebuttals/ibnanwar.html
https://answeringislam.info/authors/shamoun/rebuttals/authors/shamoun/rebuttals/zawadi/mo_suicide.html	404 Client Error: Not Found for url: https://answeringislam.info/authors/shamoun/rebuttals/authors/shamoun/rebuttals/zawadi/mo_suicide.html
https://answeringislam.info/authors/shamoun/rebuttals/authors/shamoun/rebuttals/zawadi/islamic_atonement1.html	404 Client Error: Not Found for url: https://answeringislam.info/authors/shamoun/rebuttals/authors/shamoun/rebuttals/zawadi/islamic_atonement1.html
https://answeringislam.info/authors/shamoun/rebuttals/authors/shamoun/rebuttals/zawadi/islamic_atonement2.html	404 Client Error: Not Found for url: https://answeringislam.info/authors/shamoun/rebuttals/authors/shamoun/rebuttals/zawadi/islamic_atonement2.html
https://answeringislam.info/authors/shamoun/rebuttals/authors/shamoun/rebuttals/zawadi/islamic_atonement3.html	404 Client Error: Not Found for url: https://answeringislam.info/authors/shamoun/rebuttals/authors/shamoun/rebuttals/zawadi/islamic_atonement3.html
https://answeringislam.info/authors/shamoun/rebuttals/authors/shamoun/rebuttals/zawadi/islamic_atonement4.html	404 Client Error: Not Found for url: https://answeringislam.info/authors/shamoun/rebuttals/authors/shamoun/rebuttals/zawadi/islamic_atonement4.html
https://answeringislam.info/authors/shamoun/rebuttals/authors/shamoun/rebuttals/zawadi/allah_shakhs.html	404 Client Error: Not Found for url: https://answeringislam.info/authors/shamoun/rebuttals/authors/shamoun/rebuttals/zawadi/allah_shakhs.html
https://answeringislam.info/authors/shamoun/rebuttals/authors/shamoun/rebuttals/zawadi/two_messenger.html	404 Client Error: Not Found for url: https://answeringislam.info/authors/shamoun/rebuttals/authors/shamoun/rebuttals/zawadi/two_messenger.html
https://answeringislam.info/authors/shamoun/rebuttals/authors/shamoun/rebuttals/zawadi/allah_humanized.html	404 Client Error: Not Found for url: https://answeringislam.info/authors/shamoun/rebuttals/authors/shamoun/rebuttals/zawadi/allah_humanized.html
https://answeringislam.info/authors/shamoun/rebuttals/authors/shamoun/rebuttals/zawadi/white_debate1.html	404 Client Error: Not Found for url: https://answeringislam.info/authors/shamoun/rebuttals/authors/shamoun/rebuttals/zawadi/white_debate1.html
https://answeringislam.info/authors/shamoun/rebuttals/authors/shamoun/rebuttals/zawadi/white_debate2.html	404 Client Error: Not Found for url: https://answeringislam.info/authors/shamoun/rebuttals/authors/shamoun/rebuttals/zawadi/white_debate2.html
https://answeringislam.info/authors/shamoun/rebuttals/authors/shamoun/rebuttals/zawadi/white_debate2_add.html	404 Client Error: Not Found for url: https://answeringislam.info/authors/shamoun/rebuttals/authors/shamoun/rebuttals/zawadi/white_debate2_add.html
https://answeringislam.info/authors/shamoun/rebuttals/authors/shamoun/rebuttals/zawadi/white_debate3.html	404 Client Error: Not Found for url: https://answeringislam.info/authors/shamoun/rebuttals/authors/shamoun/rebuttals/zawadi/white_debate3.html
https://answeringislam.info/authors/shamoun/rebuttals/authors/shamoun/rebuttals/zawadi/allah_imperfect.html	404 Client Error: Not Found for url: https://answeringislam.info/authors/shamoun/rebuttals/authors/shamoun/rebuttals/zawadi/allah_imperfect.html
https://answeringislam.info/authors/shamoun/rebuttals/authors/shamoun/rebuttals/zawadi/adam_shirk.html	404 Client Error: Not Found for url: https://answeringislam.info/authors/shamoun/rebuttals/authors/shamoun/rebuttals/zawadi/adam_shirk.html
https://answeringislam.info/authors/shamoun/rebuttals/authors/shamoun/rebuttals/zawadi/allah_of_meccans.html	404 Client Error: Not Found for url: https://answeringislam.info/authors/shamoun/rebuttals/authors/shamoun/rebuttals/zawadi/allah_of_meccans.html
https://answeringislam.info/authors/shamoun/rebuttals/authors/shamoun/rebuttals/zawadi/allah_of_meccans_ps.html	404 Client Error: Not Found for url: https://answeringislam.info/authors/shamoun/rebuttals/authors/shamoun/rebuttals/zawadi/allah_of_meccans_ps.html
https://answeringislam.info/authors/shamoun/rebuttals/authors/shamoun/rebuttals/zawadi/pulliam.html	404 Client Error: Not Found for url: https://answeringislam.info/authors/shamoun/rebuttals/authors/shamoun/rebuttals/zawadi/pulliam.html
https://answeringislam.info/authors/shamoun/rebuttals/authors/shamoun/rebuttals/zawadi/allahs_pyhsical_image.html	404 Client Error: Not Found for url: https://answeringislam.info/authors/shamoun/rebuttals/authors/shamoun/rebuttals/zawadi/allahs_pyhsical_image.html
https://answeringislam.info/authors/shamoun/rebuttals/authors/shamoun/rebuttals/zawadi/falsification_test.html	404 Client Error: Not Found for url: https://answeringislam.info/authors/shamoun/rebuttals/authors/shamoun/rebuttals/zawadi/falsification_test.html
https://answeringislam.info/authors/shamoun/rebuttals/authors/shamoun/rebuttals/zawadi/mo_dimitrius.html	404 Client Error: Not Found for url: https://answeringislam.info/authors/shamoun/rebuttals/authors/shamoun/rebuttals/zawadi/mo_dimitrius.html
https://answeringislam.info/authors/shamoun/rebuttals/authors/shamoun/rebuttals/zawadi/allah_as_jesus.html	404 Client Error: Not Found for url: https://answeringislam.info/authors/shamoun/rebuttals/authors/shamoun/rebuttals/zawadi/allah_as_jesus.html
https://answeringislam.info/authors/shamoun/rebuttals/authors/shamoun/rebuttals/zawadi/mo_universal.html	404 Client Error: Not Found for url: https://answeringislam.info/authors/shamoun/rebuttals/authors/shamoun/rebuttals/zawadi/mo_universal.html
https://answeringislam.info/authors/shamoun/rebuttals/authors/shamoun/rebuttals/zawadi/mo_arabs.html	404 Client Error: Not Found for url: https://answeringislam.info/authors/shamoun/rebuttals/authors/shamoun/rebuttals/zawadi/mo_arabs.html
https://answeringislam.info/authors/shamoun/rebuttals/authors/shamoun/rebuttals/zawadi/allah_wives.html	404 Client Error: Not Found for url: https://answeringislam.info/authors/shamoun/rebuttals/authors/shamoun/rebuttals/zawadi/allah_wives.html
https://answeringislam.info/authors/shamoun/rebuttals/authors/shamoun/rebuttals/zawadi/mo_antagonizer.html	404 Client Error: Not Found for url: https://answeringislam.info/authors/shamoun/rebuttals/authors/shamoun/rebuttals/zawadi/mo_antagonizer.html
https://answeringislam.info/authors/shamoun/rebuttals/authors/shamoun/rebuttals/zawadi/mo_borrower1.html	404 Client Error: Not Found for url: https://answeringislam.info/authors/shamoun/rebuttals/authors/shamoun/rebuttals/zawadi/mo_borrower1.html
https://answeringislam.info/authors/shamoun/rebuttals/authors/shamoun/rebuttals/zawadi/mo_borrower2.html	404 Client Error: Not Found for url: https://answeringislam.info/authors/shamoun/rebuttals/authors/shamoun/rebuttals/zawadi/mo_borrower2.html
https://answeringislam.info/authors/shamoun/rebuttals/authors/shamoun/rebuttals/zawadi/mo_qurayza.html	404 Client Error: Not Found for url: https://answeringislam.info/authors/shamoun/rebuttals/authors/shamoun/rebuttals/zawadi/mo_qurayza.html
https://answeringislam.info/authors/shamoun/rebuttals/authors/shamoun/rebuttals/zawadi/ignorance_arrogance.html	404 Client Error: Not Found for url: https://answeringislam.info/authors/shamoun/rebuttals/authors/shamoun/rebuttals/zawadi/ignorance_arrogance.html
https://answeringislam.info/authors/shamoun/rebuttals/authors/shamoun/rebuttals/zawadi/inconsistent1.html	404 Client Error: Not Found for url: https://answeringislam.info/authors/shamoun/rebuttals/authors/shamoun/rebuttals/zawadi/inconsistent1.html
https://answeringislam.info/authors/shamoun/rebuttals/authors/shamoun/rebuttals/zawadi/inconsistent2.html	404 Client Error: Not Found for url: https://answeringislam.info/authors/shamoun/rebuttals/authors/shamoun/rebuttals/zawadi/inconsistent2.html
https://answeringislam.info/authors/shamoun/rebuttals/authors/shamoun/rebuttals/zawadi/lewis_trilemma.html	404 Client Error: Not Found for url: https://answeringislam.info/authors/shamoun/rebuttals/authors/shamoun/rebuttals/zawadi/lewis_trilemma.html
https://answeringislam.info/authors/shamoun/rebuttals/authors/shamoun/rebuttals/zawadi/mo_saved.html	404 Client Error: Not Found for url: https://answeringislam.info/authors/shamoun/rebuttals/authors/shamoun/rebuttals/zawadi/mo_saved.html
https://answeringislam.info/authors/shamoun/rebuttals/authors/shamoun/rebuttals/zawadi/muslims_in_hell.html	404 Client Error: Not Found for url: https://answeringislam.info/authors/shamoun/rebuttals/authors/shamoun/rebuttals/zawadi/muslims_in_hell.html
https://answeringislam.info/authors/shamoun/rebuttals/authors/shamoun/rebuttals/zawadi/substitution.html	404 Client Error: Not Found for url: https://answeringislam.info/authors/shamoun/rebuttals/authors/shamoun/rebuttals/zawadi/substitution.html
https://answeringislam.info/authors/shamoun/rebuttals/authors/shamoun/rebuttals/zawadi/perverted_justice1.html	404 Client Error: Not Found for url: https://answeringislam.info/authors/shamoun/rebuttals/authors/shamoun/rebuttals/zawadi/perverted_justice1.html
https://answeringislam.info/authors/shamoun/rebuttals/authors/shamoun/rebuttals/zawadi/perverted_justice2.html	404 Client Error: Not Found for url: https://answeringislam.info/authors/shamoun/rebuttals/authors/shamoun/rebuttals/zawadi/perverted_justice2.html
https://answeringislam.info/authors/shamoun/rebuttals/authors/shamoun/rebuttals/zawadi/hasan_islam1.html	404 Client Error: Not Found for url: https://answeringislam.info/authors/shamoun/rebuttals/authors/shamoun/rebuttals/zawadi/hasan_islam1.html
https://answeringislam.info/authors/shamoun/rebuttals/authors/shamoun/rebuttals/zawadi/hasan_islam2.html	404 Client Error: Not Found for url: https://answeringislam.info/authors/shamoun/rebuttals/authors/shamoun/rebuttals/zawadi/hasan_islam2.html
https://answeringislam.info/authors/shamoun/rebuttals/authors/shamoun/rebuttals/zawadi/jesus_throne1.html	404 Client Error: Not Found for url: https://answeringislam.info/authors/shamoun/rebuttals/authors/shamoun/rebuttals/zawadi/jesus_throne1.html
https://answeringislam.info/authors/shamoun/rebuttals/authors/shamoun/rebuttals/zawadi/jesus_throne2.html	404 Client Error: Not Found for url: https://answeringislam.info/authors/shamoun/rebuttals/authors/shamoun/rebuttals/zawadi/jesus_throne2.html
https://answeringislam.info/authors/shamoun/rebuttals/authors/shamoun/rebuttals/zawadi/jesus_throne3.html	404 Client Error: Not Found for url: https://answeringislam.info/authors/shamoun/rebuttals/authors/shamoun/rebuttals/zawadi/jesus_throne3.html
https://answeringislam.info/authors/shamoun/rebuttals/authors/shamoun/rebuttals/zawadi/muhammad_throne.html	404 Client Error: Not Found for url: https://answeringislam.info/authors/shamoun/rebuttals/authors/shamoun/rebuttals/zawadi/muhammad_throne.html
https://answeringislam.info/authors/shamoun/rebuttals/authors/shamoun/rebuttals/zawadi/jesus_lord.html	404 Client Error: Not Found for url: https://answeringislam.info/authors/shamoun/rebuttals/authors/shamoun/rebuttals/zawadi/jesus_lord.html
https://answeringislam.info/authors/shamoun/rebuttals/authors/shamoun/rebuttals/zawadi/quran_inlibration.html	404 Client Error: Not Found for url: https://answeringislam.info/authors/shamoun/rebuttals/authors/shamoun/rebuttals/zawadi/quran_inlibration.html
https://answeringislam.info/authors/shamoun/rebuttals/authors/shamoun/rebuttals/zawadi/dialogue_thabiti_1.html	404 Client Error: Not Found for url: https://answeringislam.info/authors/shamoun/rebuttals/authors/shamoun/rebuttals/zawadi/dialogue_thabiti_1.html
https://answeringislam.info/authors/shamoun/rebuttals/authors/shamoun/rebuttals/zawadi/dialogue_thabiti_2.html	404 Client Error: Not Found for url: https://answeringislam.info/authors/shamoun/rebuttals/authors/shamoun/rebuttals/zawadi/dialogue_thabiti_2.html
https://answeringislam.info/authors/shamoun/rebuttals/authors/shamoun/rebuttals/zawadi/dialogue_thabiti_3.html	404 Client Error: Not Found for url: https://answeringislam.info/authors/shamoun/rebuttals/authors/shamoun/rebuttals/zawadi/dialogue_thabiti_3.html
https://answeringislam.info/authors/shamoun/rebuttals/authors/shamoun/rebuttals/zawadi/ibn_qayyim_revisited.html	404 Client Error: Not Found for url: https://answeringislam.info/authors/shamoun/rebuttals/authors/shamoun/rebuttals/zawadi/ibn_qayyim_revisited.html
https://answeringislam.info/authors/shamoun/rebuttals/authors/shamoun/rebuttals/zawadi/torah_quran.html	404 Client Error: Not Found for url: https://answeringislam.info/authors/shamoun/rebuttals/authors/shamoun/rebuttals/zawadi/torah_quran.html
https://answeringislam.info/authors/shamoun/rebuttals/authors/shamoun/rebuttals/zawadi/gods_words_unchangable.html	404 Client Error: Not Found for url: https://answeringislam.info/authors/shamoun/rebuttals/authors/shamoun/rebuttals/zawadi/gods_words_unchangable.html
https://answeringislam.info/authors/shamoun/rebuttals/authors/shamoun/rebuttals/zawadi/gods_words_unchangable_r1.html	404 Client Error: Not Found for url: https://answeringislam.info/authors/shamoun/rebuttals/authors/shamoun/rebuttals/zawadi/gods_words_unchangable_r1.html
https://answeringislam.info/authors/shamoun/rebuttals/authors/shamoun/rebuttals/zawadi/gods_words_unchangable_r2.html	404 Client Error: Not Found for url: https://answeringislam.info/authors/shamoun/rebuttals/authors/shamoun/rebuttals/zawadi/gods_words_unchangable_r2.html
https://answeringislam.info/authors/shamoun/rebuttals/authors/shamoun/rebuttals/zawadi/turretinfan.html	404 Client Error: Not Found for url: https://answeringislam.info/authors/shamoun/rebuttals/authors/shamoun/rebuttals/zawadi/turretinfan.html
https://answeringislam.info/authors/shamoun/rebuttals/authors/shamoun/rebuttals/zawadi/mo_prophets_bowed.html	404 Client Error: Not Found for url: https://answeringislam.info/authors/shamoun/rebuttals/authors/shamoun/rebuttals/zawadi/mo_prophets_bowed.html
https://answeringislam.info/authors/shamoun/rebuttals/authors/shamoun/rebuttals/zawadi/creation_days.html	404 Client Error: Not Found for url: https://answeringislam.info/authors/shamoun/rebuttals/authors/shamoun/rebuttals/zawadi/creation_days.html
